// Jest Snapshot v1, https://goo.gl/fbAQLP

exports[`ResultsPage renders correctly 1`] = `ShallowWrapper {}`;
